[christmasexperiments.com/2018/01/plume-and-the-forgotten-letter/index.html]
[backblue.gif]
[fade.gif]
[index.html]
[christmasexperiments.com/xps/2018/01/plume-and-the-forgotten-letter/facebook.030f4.delayed]
[christmasexperiments.com/xps/2018/01/plume-and-the-forgotten-letter/facebook30f4.jpg]
[christmasexperiments.com/xps/2018/01/plume-and-the-forgotten-letter/twitter.230f4.delayed]
[christmasexperiments.com/xps/2018/01/plume-and-the-forgotten-letter/twitter30f4.jpg]
[christmasexperiments.com/css/main.430f4.delayed]
[christmasexperiments.com/css/main30f4.css]
[christmasexperiments.com/apple-touch-icon.6.delayed]
[christmasexperiments.com/apple-touch-icon.png]
[christmasexperiments.com/favicon-32x32.8.delayed]
[christmasexperiments.com/favicon-32x32.png]
[christmasexperiments.com/favicon-16x16.a.delayed]
[christmasexperiments.com/favicon-16x16.png]
[christmasexperiments.com/img/logo174x84.c.delayed]
[christmasexperiments.com/img/logo174x84.png]
[christmasexperiments.com/bin/bundle.ed646.delayed]
[christmasexperiments.com/bin/bundled646.js]
[www.google-analytics.com/analytics.js]
[christmasexperiments.com/2018/01/plume-and-the-forgotten-letter/index.html]
[christmasexperiments.com/img/neon_border.png]
[christmasexperiments.com/css/main30f4.css]
[christmasexperiments.com/img/arrow-timeline.png]
